#-----------------------------------------------------------
# Vivado v2020.1 (64-bit)
# SW Build 2902540 on Wed May 27 19:54:49 MDT 2020
# IP Build 2902112 on Wed May 27 22:43:36 MDT 2020
# Start of session at: Fri Apr 26 21:02:58 2024
# Process ID: 39636
# Current directory: C:/Users/ikhla/Desktop/semester 4/CA/project/test2/lab11
# Command line: vivado.exe -gui_launcher_event rodinguilauncherevent40436 C:\Users\ikhla\Desktop\semester 4\CA\project\test2\lab11\lab11.xpr
# Log file: C:/Users/ikhla/Desktop/semester 4/CA/project/test2/lab11/vivado.log
# Journal file: C:/Users/ikhla/Desktop/semester 4/CA/project/test2/lab11\vivado.jou
#-----------------------------------------------------------
start_gui
open_project {C:/Users/ikhla/Desktop/semester 4/CA/project/test2/lab11/lab11.xpr}
update_compile_order -fileset sources_1
update_compile_order -fileset sources_1
update_compile_order -fileset sources_1
update_compile_order -fileset sources_1
update_compile_order -fileset sources_1
update_compile_order -fileset sources_1
update_compile_order -fileset sources_1
update_compile_order -fileset sources_1
launch_simulation
source riscV_tb.tcl
close_sim
launch_simulation
source riscV_tb.tcl
close_sim
